============================= test session starts =============================
platform win32 -- Python 3.12.2, pytest-9.0.2, pluggy-1.6.0 -- C:\Users\leeli\AppData\Local\Programs\Python\Python312\python.exe
cachedir: .pytest_cache
rootdir: C:\Users\leeli\OneDrive\Documents\GitHub\liqi-05\lq05\habit-tracker
plugins: anyio-4.12.0
collecting ... collected 3 items

backend/test_backend.py::test_read_main PASSED                           [ 33%]
backend/test_backend.py::test_log_habit_and_history FAILED               [ 66%]
backend/test_backend.py::test_predict PASSED                             [100%]

================================== FAILURES ===================================
_________________________ test_log_habit_and_history __________________________

    def test_log_habit_and_history():
        # 1. Log a habit
        habit_data = {
            "name": "Code Python",
            "date": str(date.today()),
            "status": "completed",
            "category": "work"
        }
        response = client.post("/api/log", json=habit_data)
        assert response.status_code == 200
        data = response.json()
        assert data["name"] == "Code Python"
        assert "id" in data
    
        # 2. Get history
        response = client.get("/api/history")
        assert response.status_code == 200
        history = response.json()
>       assert len(history) > 0
E       assert 0 > 0
E        +  where 0 = len([])

backend\test_backend.py:49: AssertionError
============================== warnings summary ===============================
backend\database.py:12
  C:\Users\leeli\OneDrive\Documents\GitHub\liqi-05\lq05\habit-tracker\backend\database.py:12: MovedIn20Warning: The ``declarative_base()`` function is now available as sqlalchemy.orm.declarative_base(). (deprecated since: 2.0) (Background on SQLAlchemy 2.0 at: https://sqlalche.me/e/b8d9)
    Base = declarative_base()

backend\main.py:43
  C:\Users\leeli\OneDrive\Documents\GitHub\liqi-05\lq05\habit-tracker\backend\main.py:43: PydanticDeprecatedSince20: Support for class-based `config` is deprecated, use ConfigDict instead. Deprecated in Pydantic V2.0 to be removed in V3.0. See Pydantic V2 Migration Guide at https://errors.pydantic.dev/2.12/migration/
    class HabitResponse(HabitCreate):

..\..\..\..\..\..\AppData\Local\Programs\Python\Python312\Lib\site-packages\pydantic\_internal\_config.py:383
  C:\Users\leeli\AppData\Local\Programs\Python\Python312\Lib\site-packages\pydantic\_internal\_config.py:383: UserWarning: Valid config keys have changed in V2:
  * 'orm_mode' has been renamed to 'from_attributes'
    warnings.warn(message, UserWarning)

-- Docs: https://docs.pytest.org/en/stable/how-to/capture-warnings.html
=========================== short test summary info ===========================
FAILED backend/test_backend.py::test_log_habit_and_history - assert 0 > 0
=================== 1 failed, 2 passed, 3 warnings in 2.06s ===================
